2026-07-22 13:29:16,790 | INFO | Loading YOLO model...
2026-07-22 13:29:16,826 | INFO | YOLO model loaded successfully.
2026-07-22 13:30:20,727 | INFO | REQUEST | filename=screenshot.png | type=image/png
2026-07-22 13:30:20,728 | INFO | REQUEST | size=297715 bytes
2026-07-22 13:30:20,951 | INFO | RESPONSE | detected=True | confidence=0.7428 | center=(506.82,865.43) | duration=221.61 ms
2026-07-22 13:31:57,500 | INFO | REQUEST | filename=screenshot.png | type=image/png
2026-07-22 13:31:57,500 | INFO | REQUEST | size=297134 bytes
2026-07-22 13:31:57,539 | INFO | RESPONSE | detected=True | confidence=0.1601 | center=(283.27,781.12) | duration=38.80 ms
2026-07-22 13:38:06,294 | INFO | Loading YOLO model...
2026-07-22 13:38:06,330 | INFO | YOLO model loaded successfully.
2026-07-22 13:38:15,035 | INFO | Loading YOLO model...
2026-07-22 13:38:15,072 | INFO | YOLO model loaded successfully.
2026-07-22 13:38:41,544 | INFO | Loading YOLO model...
2026-07-22 13:38:41,588 | INFO | YOLO model loaded successfully.
2026-07-22 13:38:45,502 | INFO | Loading YOLO model...
2026-07-22 13:38:45,538 | INFO | YOLO model loaded successfully.
2026-07-22 13:39:25,956 | INFO | Loading YOLO model...
2026-07-22 13:39:25,995 | INFO | YOLO model loaded successfully.
2026-07-22 13:39:33,050 | INFO | Loading YOLO model...
2026-07-22 13:39:33,093 | INFO | YOLO model loaded successfully.
2026-07-22 13:40:35,306 | INFO | Loading YOLO model...
2026-07-22 13:40:35,346 | INFO | YOLO model loaded successfully.
2026-07-22 13:40:53,466 | INFO | Loading YOLO model...
2026-07-22 13:40:53,503 | INFO | YOLO model loaded successfully.
2026-07-22 13:41:09,181 | INFO | Loading YOLO model...
2026-07-22 13:41:09,217 | INFO | YOLO model loaded successfully.
2026-07-22 13:41:31,026 | INFO | Loading YOLO model...
2026-07-22 13:41:31,064 | INFO | YOLO model loaded successfully.
2026-07-22 13:42:09,607 | INFO | Loading YOLO model...
2026-07-22 13:42:09,645 | INFO | YOLO model loaded successfully.
2026-07-22 13:42:51,223 | INFO | REQUEST | filename=screenshot.png | type=image/png
2026-07-22 13:42:51,224 | INFO | REQUEST | size=300390 bytes
2026-07-22 13:42:51,390 | INFO | RESPONSE | detected=True | confidence=0.6025 | center=(284.93,809.26) | duration=120.72 ms
2026-07-22 13:44:55,041 | INFO | Loading YOLO model...
2026-07-22 13:44:55,080 | INFO | YOLO model loaded successfully.
2026-07-22 13:46:17,902 | INFO | Loading YOLO model...
2026-07-22 13:46:17,944 | INFO | YOLO model loaded successfully.
2026-07-22 13:47:51,378 | INFO | Loading YOLO model...
2026-07-22 13:47:51,420 | INFO | YOLO model loaded successfully.
2026-07-22 13:49:34,620 | INFO | Loading YOLO model...
2026-07-22 13:49:34,657 | INFO | YOLO model loaded successfully.
2026-07-22 13:49:41,879 | INFO | Loading YOLO model...
2026-07-22 13:49:41,919 | INFO | YOLO model loaded successfully.
2026-07-22 13:55:35,621 | INFO | [97985a96] REQUEST | filename=screenshot.png | type=image/png
2026-07-22 13:55:35,621 | INFO | [97985a96] REQUEST | size=299165 bytes
2026-07-22 13:55:35,931 | WARNING | [97985a96] LOW_CONFIDENCE | confidence=0.2799 | screenshot=storage\screenshots\low-confidence\low_conf_20260722_135535_895655.png
2026-07-22 13:55:35,932 | INFO | [97985a96] RESPONSE | detected=True | confidence=0.2799 | center=(407.43,804.33)
2026-07-22 13:55:35,932 | INFO | [97985a96] TIMING | read=0.45ms | decode=33.45ms | predict=205.31ms | process=71.34ms | total=310.56ms
